
> base44-app@0.0.0 test
> vitest --run

[base44] Proxy not enabled (VITE_BASE44_APP_BASE_URL not set)

[1m[46m RUN [49m[22m [36mv4.1.1 [39m[90m/Users/juanvidalp/Documents/clon carrera funcionaria/carrera-aps-digital[39m

 [31m❯[39m src/utils/rut.test.js [2m([22m[2m3 tests[22m[2m | [22m[31m1 failed[39m[2m)[22m[32m 4[2mms[22m[39m
     [32m✓[39m normalizeRUT elimina puntos y guión y pone mayúsculas[32m 1[2mms[22m[39m
[31m     [31m×[31m validateRUT valida formatos correctos e incorrectos[39m[32m 3[2mms[22m[39m
     [32m✓[39m formatRUT formatea correctamente[32m 0[2mms[22m[39m
 [32m✓[39m src/components/calculations.test.js [2m([22m[2m57 tests[22m[2m)[22m[32m 6[2mms[22m[39m
[90mstderr[2m | src/pages/Employees.test.jsx
[22m[39m[Base44 SDK Error] 404: Request failed with status code 404
Error data: "<!DOCTYPE html>\n<html lang=\"en\">\n<head>\n<meta charset=\"utf-8\">\n<title>Error</title>\n</head>\n<body>\n<pre>Cannot GET /api/apps/null/entities/User/me</pre>\n</body>\n</html>\n"

[90mstderr[2m | src/pages/Employees.test.jsx
[22m[39m[Base44 SDK Error] 404: Request failed with status code 404
Error data: "<!DOCTYPE html>\n<html lang=\"en\">\n<head>\n<meta charset=\"utf-8\">\n<title>Error</title>\n</head>\n<body>\n<pre>Cannot POST /api/apps/null/analytics/track/batch</pre>\n</body>\n</html>\n"

Error: useNavigate() may be used only in the context of a <Router> component.
    at Object.invariant [as UNSAFE_invariant] (/Users/juanvidalp/Documents/clon carrera funcionaria/carrera-aps-digital/node_modules/@remix-run/router/dist/router.cjs.js:315:11)
    at useNavigateUnstable (/Users/juanvidalp/Documents/clon carrera funcionaria/carrera-aps-digital/node_modules/react-router/dist/umd/react-router.development.js:223:36)
    at useNavigate (/Users/juanvidalp/Documents/clon carrera funcionaria/carrera-aps-digital/node_modules/react-router/dist/umd/react-router.development.js:220:48)
    at Employees (/Users/juanvidalp/Documents/clon carrera funcionaria/carrera-aps-digital/src/pages/Employees.jsx:22:20)
    at renderWithHooks (/Users/juanvidalp/Documents/clon carrera funcionaria/carrera-aps-digital/node_modules/react-dom/cjs/react-dom.development.js:15486:18)
    at mountIndeterminateComponent (/Users/juanvidalp/Documents/clon carrera funcionaria/carrera-aps-digital/node_modules/react-dom/cjs/react-dom.development.js:20103:13)
    at beginWork (/Users/juanvidalp/Documents/clon carrera funcionaria/carrera-aps-digital/node_modules/react-dom/cjs/react-dom.development.js:21626:16)
    at HTMLUnknownElement.callCallback (/Users/juanvidalp/Documents/clon carrera funcionaria/carrera-aps-digital/node_modules/react-dom/cjs/react-dom.development.js:4164:14)
    at HTMLUnknownElement.callTheUserObjectsOperation (/Users/juanvidalp/Documents/clon carrera funcionaria/carrera-aps-digital/node_modules/jsdom/lib/generated/idl/EventListener.js:26:30)
    at innerInvokeEventListeners (/Users/juanvidalp/Documents/clon carrera funcionaria/carrera-aps-digital/node_modules/jsdom/lib/jsdom/living/events/EventTarget-impl.js:360:16)
Error: useNavigate() may be used only in the context of a <Router> component.
    at Object.invariant [as UNSAFE_invariant] (/Users/juanvidalp/Documents/clon carrera funcionaria/carrera-aps-digital/node_modules/@remix-run/router/dist/router.cjs.js:315:11)
    at useNavigateUnstable (/Users/juanvidalp/Documents/clon carrera funcionaria/carrera-aps-digital/node_modules/react-router/dist/umd/react-router.development.js:223:36)
    at useNavigate (/Users/juanvidalp/Documents/clon carrera funcionaria/carrera-aps-digital/node_modules/react-router/dist/umd/react-router.development.js:220:48)
    at Employees (/Users/juanvidalp/Documents/clon carrera funcionaria/carrera-aps-digital/src/pages/Employees.jsx:22:20)
    at renderWithHooks (/Users/juanvidalp/Documents/clon carrera funcionaria/carrera-aps-digital/node_modules/react-dom/cjs/react-dom.development.js:15486:18)
    at mountIndeterminateComponent (/Users/juanvidalp/Documents/clon carrera funcionaria/carrera-aps-digital/node_modules/react-dom/cjs/react-dom.development.js:20103:13)
    at beginWork (/Users/juanvidalp/Documents/clon carrera funcionaria/carrera-aps-digital/node_modules/react-dom/cjs/react-dom.development.js:21626:16)
    at HTMLUnknownElement.callCallback (/Users/juanvidalp/Documents/clon carrera funcionaria/carrera-aps-digital/node_modules/react-dom/cjs/react-dom.development.js:4164:14)
    at HTMLUnknownElement.callTheUserObjectsOperation (/Users/juanvidalp/Documents/clon carrera funcionaria/carrera-aps-digital/node_modules/jsdom/lib/generated/idl/EventListener.js:26:30)
    at innerInvokeEventListeners (/Users/juanvidalp/Documents/clon carrera funcionaria/carrera-aps-digital/node_modules/jsdom/lib/jsdom/living/events/EventTarget-impl.js:360:16)
[90mstderr[2m | src/pages/Employees.test.jsx[2m > [22m[2mEmployees page[2m > [22m[2mmuestra la lista y el contador
[22m[39mThe above error occurred in the <Employees> component:

    at Employees (/Users/juanvidalp/Documents/clon carrera funcionaria/carrera-aps-digital/src/pages/Employees.jsx:22:57)

Consider adding an error boundary to your tree to customize error handling behavior.
Visit https://reactjs.org/link/error-boundaries to learn more about error boundaries.

 [31m❯[39m src/pages/Employees.test.jsx [2m([22m[2m1 test[22m[2m | [22m[31m1 failed[39m[2m)[22m[32m 11[2mms[22m[39m
[31m     [31m×[31m muestra la lista y el contador[39m[32m 10[2mms[22m[39m

[31m⎯⎯⎯⎯⎯⎯⎯[39m[1m[41m Failed Tests 2 [49m[22m[31m⎯⎯⎯⎯⎯⎯⎯[39m

[41m[1m FAIL [22m[49m src/utils/rut.test.js[2m > [22mRUT utils[2m > [22mvalidateRUT valida formatos correctos e incorrectos
[31m[1mAssertionError[22m: expected true to be false // Object.is equality[39m

[32m- Expected[39m
[31m+ Received[39m

[32m- false[39m
[31m+ true[39m

[36m [2m❯[22m src/utils/rut.test.js:[2m10:37[22m[39m
    [90m  8|[39m   [34mit[39m([32m'validateRUT valida formatos correctos e incorrectos'[39m[33m,[39m () [33m=>[39m {
    [90m  9|[39m     [34mexpect[39m([34mvalidateRUT[39m([32m'12.345.678-k'[39m))[33m.[39m[34mtoBe[39m([35mtrue[39m)[33m;[39m
    [90m 10|[39m     [34mexpect[39m([34mvalidateRUT[39m([32m'12345678'[39m))[33m.[39m[34mtoBe[39m([35mfalse[39m)[33m;[39m
    [90m   |[39m                                     [31m^[39m
    [90m 11|[39m     [34mexpect[39m([34mvalidateRUT[39m([32m'12.345.678-Z'[39m))[33m.[39m[34mtoBe[39m([35mfalse[39m)[33m;[39m
    [90m 12|[39m   })[33m;[39m

[31m[2m⎯⎯⎯⎯⎯⎯⎯⎯⎯⎯⎯⎯⎯⎯⎯⎯⎯⎯⎯⎯⎯⎯⎯⎯[1/2]⎯[22m[39m

[41m[1m FAIL [22m[49m src/pages/Employees.test.jsx[2m > [22mEmployees page[2m > [22mmuestra la lista y el contador
[31m[1mError[22m: useNavigate() may be used only in the context of a <Router> component.[39m
[90m [2m❯[22m Object.invariant [as UNSAFE_invariant] node_modules/@remix-run/router/history.ts:[2m494:10[22m[39m
[90m [2m❯[22m invariant node_modules/react-router/lib/hooks.tsx:[2m189:2[22m[39m
[90m [2m❯[22m useNavigateUnstable node_modules/react-router/lib/hooks.tsx:[2m185:45[22m[39m
[36m [2m❯[22m Employees src/pages/Employees.jsx:[2m22:20[22m[39m
    [90m 20|[39m
    [90m 21|[39m [35mexport[39m [35mdefault[39m [35mfunction[39m [33mEmployees[39m() {
    [90m 22|[39m   [35mconst[39m navigate [33m=[39m [34museNavigate[39m()[33m;[39m
    [90m   |[39m                    [31m^[39m
    [90m 23|[39m   const { data: employees = [], isLoading, isError, error } = useEmplo…
    [90m 24|[39m
[90m [2m❯[22m renderWithHooks node_modules/react-dom/cjs/react-dom.development.js:[2m15486:18[22m[39m
[90m [2m❯[22m mountIndeterminateComponent node_modules/react-dom/cjs/react-dom.development.js:[2m20103:13[22m[39m
[90m [2m❯[22m beginWork node_modules/react-dom/cjs/react-dom.development.js:[2m21626:16[22m[39m
[90m [2m❯[22m beginWork$1 node_modules/react-dom/cjs/react-dom.development.js:[2m27465:14[22m[39m
[90m [2m❯[22m performUnitOfWork node_modules/react-dom/cjs/react-dom.development.js:[2m26599:12[22m[39m
[90m [2m❯[22m workLoopSync node_modules/react-dom/cjs/react-dom.development.js:[2m26505:5[22m[39m

[31m[2m⎯⎯⎯⎯⎯⎯⎯⎯⎯⎯⎯⎯⎯⎯⎯⎯⎯⎯⎯⎯⎯⎯⎯⎯[2/2]⎯[22m[39m


[2m Test Files [22m [1m[31m2 failed[39m[22m[2m | [22m[1m[32m1 passed[39m[22m[90m (3)[39m
[2m      Tests [22m [1m[31m2 failed[39m[22m[2m | [22m[1m[32m59 passed[39m[22m[90m (61)[39m
[2m   Start at [22m 20:37:06
[2m   Duration [22m 1.18s[2m (transform 147ms, setup 39ms, import 580ms, tests 22ms, environment 1.53s)[22m

